// Jest Snapshot v1, https://goo.gl/fbAQLP

exports[`<UsersListItem /> renders correctly 1`] = `
<div
  className="row "
  onClick={[MockFunction]}
>
  <label
    className="userDisplayName"
  >
    Jos√© Pinto
  </label>
</div>
`;
