// Jest Snapshot v1, https://goo.gl/fbAQLP

exports[`<App /> renders App correctly 1`] = `
<div
  className="app"
>
  <Connect(UsersList) />
</div>
`;
