// Jest Snapshot v1, https://goo.gl/fbAQLP

exports[`<TextBox /> renders correctly 1`] = `
<input
  className="textBox"
  onChange={[MockFunction]}
  placeholder=""
  type="text"
/>
`;
